// Jest Snapshot v1, https://goo.gl/fbAQLP

exports[`when no JS errors are caught in a child component should render 1`] = `
<h1>
  hello
</h1>
`;
