// Jest Snapshot v1, https://goo.gl/fbAQLP

exports[`Test the Header component renders without crashing 1`] = `
<div>
  <h1>
    Robofriends
  </h1>
  <Memo(Header)
    color="red"
  />
</div>
`;
